{
  "ok": true,
  "verdict": "pass",
  "confidence": 0.808,
  "estimatedFidelity": 0.808,
  "targetThreshold": 0.7,
  "materialId": "bag-leather",
  "sourceImage": "F:\\vr agency boost\\vrboostagency\\VR-BOOST-AGENCY\\.img2threejs\\capture-service-scene\\leather-crop.png",
  "outDir": "F:\\vr agency boost\\vrboostagency\\VR-BOOST-AGENCY\\.img2threejs\\capture-service-scene\\pbr-leather",
  "palette": [
    "#A59787",
    "#998C7D",
    "#AC9E8E",
    "#877B6D",
    "#5C5144"
  ],
  "maps": {
    "albedo": {
      "path": "F:\\vr agency boost\\vrboostagency\\VR-BOOST-AGENCY\\.img2threejs\\capture-service-scene\\pbr-leather\\bag-leather_albedo.png",
      "url": "bag-leather_albedo.png",
      "channel": "albedo",
      "source": "reference-pixel-extraction"
    },
    "roughness": {
      "path": "F:\\vr agency boost\\vrboostagency\\VR-BOOST-AGENCY\\.img2threejs\\capture-service-scene\\pbr-leather\\bag-leather_roughness.png",
      "url": "bag-leather_roughness.png",
      "channel": "roughness",
      "source": "reference-pixel-extraction"
    },
    "height": {
      "path": "F:\\vr agency boost\\vrboostagency\\VR-BOOST-AGENCY\\.img2threejs\\capture-service-scene\\pbr-leather\\bag-leather_height.png",
      "url": "bag-leather_height.png",
      "channel": "height",
      "source": "reference-pixel-extraction"
    },
    "normal": {
      "path": "F:\\vr agency boost\\vrboostagency\\VR-BOOST-AGENCY\\.img2threejs\\capture-service-scene\\pbr-leather\\bag-leather_normal.png",
      "url": "bag-leather_normal.png",
      "channel": "normal",
      "source": "reference-pixel-extraction"
    },
    "ao": {
      "path": "F:\\vr agency boost\\vrboostagency\\VR-BOOST-AGENCY\\.img2threejs\\capture-service-scene\\pbr-leather\\bag-leather_ao.png",
      "url": "bag-leather_ao.png",
      "channel": "ao",
      "source": "reference-pixel-extraction"
    }
  },
  "diagnostics": {
    "sourceWidth": 103,
    "sourceHeight": 64,
    "mapSize": 1024,
    "cropBBoxPixels": {
      "x": 0,
      "y": 0,
      "width": 103,
      "height": 64
    },
    "mask": {
      "backgroundColor": "#E7E3E1",
      "backgroundNoise": 126.637,
      "transparentPixelFraction": 0.0,
      "foregroundCoverage": 0.8227
    },
    "mapStats": {
      "valueRange": 0.1983,
      "heightP90Gradient": 0.06379,
      "roughnessBase": 0.724,
      "roughnessVariation": 0.119,
      "normalStrength": 0.231,
      "blurRadius": 21
    },
    "palette": [
      "#A59787",
      "#998C7D",
      "#AC9E8E",
      "#877B6D",
      "#5C5144"
    ]
  },
  "warnings": [
    "single-image inverse rendering cannot prove true physical PBR; confidence is capped",
    "low value range weakens height/roughness inference"
  ],
  "limitation": "single-image PBR extraction is an estimate; 70%+ extraction confidence still needs render screenshot review"
}
